	llm-tournament		coverage: 0.0% of statements
